// Jest Snapshot v1, https://goo.gl/fbAQLP

exports[`RoundedIconButton Components renders {
  icon: 'arrow-left',
  onPress: [Function],
  testID: 'roundediconbutton-arrow-left'
} icon button correctly 1`] = `
{
  "alignItems": "center",
  "backgroundColor": "#1A1770",
  "borderRadius": 9999,
  "display": "flex",
  "flexDirection": "column",
  "height": 40,
  "justifyContent": "center",
  "opacity": 1,
  "width": 40,
}
`;

exports[`RoundedIconButton Components renders {
  icon: 'arrow-right',
  onPress: [Function],
  testID: 'roundediconbutton-arrow-right'
} icon button correctly 1`] = `
{
  "alignItems": "center",
  "backgroundColor": "#1A1770",
  "borderRadius": 9999,
  "display": "flex",
  "flexDirection": "column",
  "height": 40,
  "justifyContent": "center",
  "opacity": 1,
  "width": 40,
}
`;

exports[`RoundedIconButton Components renders {
  icon: 'settings',
  onPress: [Function],
  testID: 'roundediconbutton-settings'
} icon button correctly 1`] = `
{
  "alignItems": "center",
  "backgroundColor": "#1A1770",
  "borderRadius": 9999,
  "display": "flex",
  "flexDirection": "column",
  "height": 40,
  "justifyContent": "center",
  "opacity": 1,
  "width": 40,
}
`;

exports[`RoundedIconButton Components renders { icon: 'scan', onPress: [Function], testID: 'roundediconbutton-scan' } icon button correctly 1`] = `
{
  "alignItems": "center",
  "backgroundColor": "#1A1770",
  "borderRadius": 9999,
  "display": "flex",
  "flexDirection": "column",
  "height": 40,
  "justifyContent": "center",
  "opacity": 1,
  "width": 40,
}
`;

exports[`RoundedIconButton Components renders correctly 1`] = `
<View
  accessibilityState={
    {
      "busy": undefined,
      "checked": undefined,
      "disabled": undefined,
      "expanded": undefined,
      "selected": undefined,
    }
  }
  accessibilityValue={
    {
      "max": undefined,
      "min": undefined,
      "now": undefined,
      "text": undefined,
    }
  }
  accessible={true}
  collapsable={false}
  focusable={true}
  onClick={[Function]}
  onResponderGrant={[Function]}
  onResponderMove={[Function]}
  onResponderRelease={[Function]}
  onResponderTerminate={[Function]}
  onResponderTerminationRequest={[Function]}
  onStartShouldSetResponder={[Function]}
  style={
    {
      "alignItems": "center",
      "backgroundColor": "#1A1770",
      "borderRadius": 9999,
      "display": "flex",
      "flexDirection": "column",
      "height": 40,
      "justifyContent": "center",
      "opacity": 1,
      "width": 40,
    }
  }
  testID="roundediconbutton"
>
  <RNSVGSvgView
    align="xMidYMid"
    bbHeight={24}
    bbWidth={24}
    fill="none"
    focusable={false}
    height={24}
    meetOrSlice={0}
    minX={0}
    minY={0}
    style={
      [
        {
          "backgroundColor": "transparent",
          "borderWidth": 0,
        },
        {
          "flex": 0,
          "height": 24,
          "width": 24,
        },
      ]
    }
    vbHeight={24}
    vbWidth={24}
    width={24}
  >
    <RNSVGGroup
      fill={null}
      propList={
        [
          "fill",
        ]
      }
    >
      <RNSVGPath
        d="M9 18l6-6-6-6"
        fill={
          {
            "payload": 4278190080,
            "type": 0,
          }
        }
        propList={
          [
            "stroke",
            "strokeWidth",
            "strokeLinecap",
            "strokeLinejoin",
          ]
        }
        stroke={
          {
            "payload": 4294967295,
            "type": 0,
          }
        }
        strokeLinecap={1}
        strokeLinejoin={1}
        strokeWidth={2.5}
      />
    </RNSVGGroup>
  </RNSVGSvgView>
</View>
`;
