// Jest Snapshot v1, https://goo.gl/fbAQLP

exports[`ProductCard Components renders correctly 1`] = `
<View
  brand="Bosh"
  image={
    {
      "testUri": "../../../assets/images/default-product.png",
    }
  }
  name="Tondeuse à gazon"
  style={
    [
      {
        "alignItems": "center",
        "backgroundColor": "#F2F2F2",
        "borderColor": "#D9D9D9",
        "borderRadius": 8,
        "borderWidth": 1,
        "display": "flex",
        "flexDirection": "row",
        "gap": 8,
        "justifyContent": "flex-start",
        "padding": 8,
      },
      undefined,
    ]
  }
  testID="productcard"
  warrantyDuration="15d"
>
  <Image
    onError={[Function]}
    resizeMode="cover"
    source={
      {
        "testUri": "../../../assets/images/default-product.png",
      }
    }
    style={
      {
        "borderRadius": 4,
        "height": 64,
        "width": 64,
      }
    }
  />
  <View
    style={
      {
        "display": "flex",
        "flex": 1,
      }
    }
  >
    <View
      style={
        {
          "alignItems": "center",
          "display": "flex",
          "flexDirection": "row",
          "justifyContent": "space-between",
          "marginBottom": 4,
        }
      }
    >
      <Text
        numberOfLines={1}
        style={
          {
            "color": "#050426",
            "fontFamily": "Ubuntu",
            "fontSize": 20,
            "fontWeight": "700",
            "overflow": "hidden",
            "textOverflow": "ellipsis",
          }
        }
      >
        Tondeuse à gazon
      </Text>
    </View>
    <Text
      numberOfLines={1}
      style={
        {
          "color": "#050426",
          "fontFamily": "Ubuntu",
          "fontSize": 14,
          "fontWeight": "700",
          "overflow": "hidden",
          "textOverflow": "ellipsis",
        }
      }
    >
      Bosh
    </Text>
    <View
      style={
        {
          "alignItems": "center",
          "display": "flex",
          "flexDirection": "row",
          "gap": 8,
          "justifyContent": "space-between",
          "marginBottom": 8,
          "marginTop": 8,
        }
      }
    >
      <View
        style={
          [
            {
              "alignItems": "center",
              "backgroundColor": "#FFFFFF",
              "borderRadius": 4,
              "display": "flex",
              "flexDirection": "row",
              "gap": 4,
              "justifyContent": "space-between",
              "paddingHorizontal": 8,
              "paddingVertical": 4,
            },
            {},
          ]
        }
        testID="test-tag-1"
      >
        <Text
          style={
            [
              {
                "color": "#050426",
                "fontFamily": "Ubuntu",
                "fontSize": 14,
                "fontWeight": "700",
              },
              {
                "color": "#050426",
                "fontFamily": "Ubuntu",
                "fontSize": 12,
              },
            ]
          }
          testID="test-tag-1-text"
        >
          Acheté le: 07/25
        </Text>
      </View>
      <View
        style={
          [
            {
              "alignItems": "center",
              "backgroundColor": "#FFFFFF",
              "borderRadius": 4,
              "display": "flex",
              "flexDirection": "row",
              "gap": 4,
              "justifyContent": "space-between",
              "paddingHorizontal": 8,
              "paddingVertical": 4,
            },
            {},
          ]
        }
        testID="test-tag-2"
      >
        <Text
          style={
            [
              {
                "color": "#050426",
                "fontFamily": "Ubuntu",
                "fontSize": 14,
                "fontWeight": "700",
              },
              {
                "color": "#050426",
                "fontFamily": "Ubuntu",
                "fontSize": 12,
              },
            ]
          }
          testID="test-tag-2-text"
        >
          Expire dans 12j
        </Text>
      </View>
    </View>
    <View
      style={
        [
          {
            "backgroundColor": "#7ABA8E",
            "borderRadius": 9999,
            "height": 8,
            "width": "80%",
          },
          undefined,
        ]
      }
      testID="progressindicator"
    />
  </View>
</View>
`;
